******************************************************************************
                  TI ARM Linker Unix v16.9.1                   
******************************************************************************
>> Linked Wed May 10 11:47:30 2017

OUTPUT FILE NAME:   <Assignment-3.out>
ENTRY POINT SYMBOL: "_c_int00"  address: 00000601


MEMORY CONFIGURATION

         name            origin    length      used     unused   attr    fill
----------------------  --------  ---------  --------  --------  ----  --------
  RAM                   00000020   ffffffe0  00000ad6  fffff50a  RWIX


SEGMENT ALLOCATION MAP

run origin  load origin   length   init length attrs members
----------  ----------- ---------- ----------- ----- -------
00000020    00000020    0000074e   0000074e    r-x
  00000020    00000020    0000074e   0000074e    r-x .text
00000770    00000770    00000264   00000000    rw-
  00000770    00000770    00000040   00000000    rw- .bss
  000007b0    000007b0    00000024   00000000    rw- .data
  000007d4    000007d4    00000200   00000000    rw- .stack
000009d4    000009d4    000000e4   000000e4    r--
  000009d4    000009d4    000000e4   000000e4    r-- .intvecs
00000ab8    00000ab8    00000040   00000040    r--
  00000ab8    00000ab8    00000040   00000040    r-- .cinit


SECTION ALLOCATION MAP

 output                                  attributes/
section   page    origin      length       input sections
--------  ----  ----------  ----------   ----------------
.text      0    00000020    0000074e     
                  00000020    0000032c     system_msp432p401r.obj (.text)
                  0000034c    000000c4     queue.obj (.text)
                  00000410    0000009c     rtsv7M4_T_le_v4SPD16_eabi.lib : memcpy_t2.obj (.text)
                  000004ac    0000007a                                   : memset_t2.obj (.text)
                  00000526    00000002                                   : mpu_init.obj (.text)
                  00000528    00000070                                   : autoinit.obj (.text)
                  00000598    00000068                                   : copy_decompress_lzss.obj (.text:decompress:lzss)
                  00000600    00000054                                   : boot.obj (.text)
                  00000654    00000054                                   : exit.obj (.text)
                  000006a8    0000004c                                   : cpy_tbl.obj (.text)
                  000006f4    00000020     main.obj (.text)
                  00000714    00000018     rtsv7M4_T_le_v4SPD16_eabi.lib : args_main.obj (.text)
                  0000072c    00000014                                   : _lock.obj (.text)
                  00000740    0000000e                                   : copy_decompress_none.obj (.text:decompress:none)
                  0000074e    0000000e     startup_msp432p401r_ccs.obj (.text)
                  0000075c    0000000c     rtsv7M4_T_le_v4SPD16_eabi.lib : copy_zero_init.obj (.text:decompress:ZI)
                  00000768    00000004                                   : pre_init.obj (.text)
                  0000076c    00000002                                   : startup.obj (.text)

.bss       0    00000770    00000040     UNINITIALIZED
                  00000770    00000040     queue.obj (.bss)

.data      0    000007b0    00000024     UNINITIALIZED
                  000007b0    0000000c     rtsv7M4_T_le_v4SPD16_eabi.lib : exit.obj (.data:$O1$$)
                  000007bc    00000008                                   : _lock.obj (.data:$O1$$)
                  000007c4    00000008     queue.obj (.data)
                  000007cc    00000004     rtsv7M4_T_le_v4SPD16_eabi.lib : stkdepth_vars.obj (.data)
                  000007d0    00000004     system_msp432p401r.obj (.data)

.cinit     0    00000ab8    00000040     
                  00000ab8    00000018     (.cinit..data.load) [load image, compression = lzss]
                  00000ad0    0000000c     (__TI_handler_table)
                  00000adc    00000004     --HOLE-- [fill = 0]
                  00000ae0    00000008     (.cinit..bss.load) [load image, compression = zero_init]
                  00000ae8    00000010     (__TI_cinit_table)

.init_array 
*          0    00000020    00000000     UNINITIALIZED

.stack     0    000007d4    00000200     UNINITIALIZED
                  000007d4    00000200     --HOLE--

.intvecs   0    000009d4    000000e4     
                  000009d4    000000e4     startup_msp432p401r_ccs.obj (.intvecs:retain)

MODULE SUMMARY

       Module                        code   ro data   rw data
       ------                        ----   -------   -------
    ./
       system_msp432p401r.obj        812    0         4      
       queue.obj                     196    0         72     
       startup_msp432p401r_ccs.obj   14     228       0      
       main.obj                      32     0         0      
    +--+-----------------------------+------+---------+---------+
       Total:                        1054   228       76     
                                                             
    /Applications/ti/ccsv7/tools/compiler/ti-cgt-arm_16.9.1.LTS/lib/rtsv7M4_T_le_v4SPD16_eabi.lib
       memcpy_t2.obj                 156    0         0      
       memset_t2.obj                 122    0         0      
       autoinit.obj                  112    0         0      
       copy_decompress_lzss.obj      104    0         0      
       exit.obj                      84     0         12     
       boot.obj                      84     0         0      
       cpy_tbl.obj                   76     0         0      
       _lock.obj                     20     0         8      
       args_main.obj                 24     0         0      
       copy_decompress_none.obj      14     0         0      
       copy_zero_init.obj            12     0         0      
       pre_init.obj                  4      0         0      
       stkdepth_vars.obj             0      0         4      
       mpu_init.obj                  2      0         0      
       startup.obj                   2      0         0      
    +--+-----------------------------+------+---------+---------+
       Total:                        816    0         24     
                                                             
       Stack:                        0      0         512    
       Linker Generated:             0      60        0      
    +--+-----------------------------+------+---------+---------+
       Grand Total:                  1870   288       612    


LINKER GENERATED COPY TABLES

__TI_cinit_table @ 00000ae8 records: 2, size/record: 8, table size: 16
	.data: load addr=00000ab8, load size=00000018 bytes, run addr=000007b0, run size=00000024 bytes, compression=lzss
	.bss: load addr=00000ae0, load size=00000008 bytes, run addr=00000770, run size=00000040 bytes, compression=zero_init


LINKER GENERATED HANDLER TABLE

__TI_handler_table @ 00000ad0 records: 3, size/record: 4, table size: 12
	index: 0, handler: __TI_decompress_lzss
	index: 1, handler: __TI_decompress_none
	index: 2, handler: __TI_zero_init


GLOBAL SYMBOLS: SORTED ALPHABETICALLY BY Name 

address   name                           
-------   ----                           
0000075b  ADC14_IRQHandler               
0000075b  AES256_IRQHandler              
0000075b  BusFault_Handler               
00000655  C$$EXIT                        
0000075b  COMP_E0_IRQHandler             
0000075b  COMP_E1_IRQHandler             
0000075b  CS_IRQHandler                  
0000075b  DMA_ERR_IRQHandler             
0000075b  DMA_INT0_IRQHandler            
0000075b  DMA_INT1_IRQHandler            
0000075b  DMA_INT2_IRQHandler            
0000075b  DMA_INT3_IRQHandler            
0000075b  DebugMon_Handler               
0000075b  Default_Handler                
0000075b  EUSCIA0_IRQHandler             
0000075b  EUSCIA1_IRQHandler             
0000075b  EUSCIA2_IRQHandler             
0000075b  EUSCIA3_IRQHandler             
0000075b  EUSCIB0_IRQHandler             
0000075b  EUSCIB1_IRQHandler             
0000075b  EUSCIB2_IRQHandler             
0000075b  EUSCIB3_IRQHandler             
0000075b  FLCTL_IRQHandler               
0000075b  FPU_IRQHandler                 
0000075b  HardFault_Handler              
0000075b  MemManage_Handler              
0000075b  NMI_Handler                    
0000075b  PCM_IRQHandler                 
0000075b  PORT1_IRQHandler               
0000075b  PORT2_IRQHandler               
0000075b  PORT3_IRQHandler               
0000075b  PORT4_IRQHandler               
0000075b  PORT5_IRQHandler               
0000075b  PORT6_IRQHandler               
0000075b  PSS_IRQHandler                 
0000075b  PendSV_Handler                 
0000075b  RTC_C_IRQHandler               
0000074f  Reset_Handler                  
UNDEFED   SHT$$INIT_ARRAY$$Base          
UNDEFED   SHT$$INIT_ARRAY$$Limit         
0000075b  SVC_Handler                    
0000075b  SysTick_Handler                
000007d0  SystemCoreClock                
00000021  SystemCoreClockUpdate          
00000295  SystemInit                     
0000075b  T32_INT1_IRQHandler            
0000075b  T32_INT2_IRQHandler            
0000075b  T32_INTC_IRQHandler            
0000075b  TA0_0_IRQHandler               
0000075b  TA0_N_IRQHandler               
0000075b  TA1_0_IRQHandler               
0000075b  TA1_N_IRQHandler               
0000075b  TA2_0_IRQHandler               
0000075b  TA2_N_IRQHandler               
0000075b  TA3_0_IRQHandler               
0000075b  TA3_N_IRQHandler               
0000075b  UsageFault_Handler             
0000075b  WDT_A_IRQHandler               
000009d4  __STACK_END                    
00000200  __STACK_SIZE                   
00000ae8  __TI_CINIT_Base                
00000af8  __TI_CINIT_Limit               
00000ad0  __TI_Handler_Table_Base        
00000adc  __TI_Handler_Table_Limit       
00000529  __TI_auto_init                 
000007b0  __TI_cleanup_ptr               
00000599  __TI_decompress_lzss           
00000741  __TI_decompress_none           
000007b4  __TI_dtors_ptr                 
000007b8  __TI_enable_exit_profile_output
ffffffff  __TI_pprof_out_hndl            
ffffffff  __TI_prof_data_size            
ffffffff  __TI_prof_data_start           
00000ab8  __TI_static_base__             
0000075d  __TI_zero_init                 
000004ad  __aeabi_memclr                 
000004ad  __aeabi_memclr4                
000004ad  __aeabi_memclr8                
00000411  __aeabi_memcpy                 
00000411  __aeabi_memcpy4                
00000411  __aeabi_memcpy8                
000004af  __aeabi_memset                 
000004af  __aeabi_memset4                
000004af  __aeabi_memset8                
ffffffff  __binit__                      
ffffffff  __c_args__                     
00000527  __mpu_init                     
000007d4  __stack                        
00000715  _args_main                     
00000601  _c_int00                       
000007bc  _lock                          
0000073b  _nop                           
00000733  _register_lock                 
0000072d  _register_unlock               
0000076d  _system_post_cinit             
00000769  _system_pre_init               
000007c0  _unlock                        
00000659  abort                          
ffffffff  binit                          
000006a9  copy_in                        
00000661  exit                           
000009d4  interruptVectors               
000006f5  main                           
000007cc  main_func_sp                   
00000411  memcpy                         
000004b5  memset                         
000003c1  queue_empty                    
000003d9  queue_get                      
00000359  queue_init                     
0000036b  queue_put                      


GLOBAL SYMBOLS: SORTED BY Symbol Address 

address   name                           
-------   ----                           
00000021  SystemCoreClockUpdate          
00000200  __STACK_SIZE                   
00000295  SystemInit                     
00000359  queue_init                     
0000036b  queue_put                      
000003c1  queue_empty                    
000003d9  queue_get                      
00000411  __aeabi_memcpy                 
00000411  __aeabi_memcpy4                
00000411  __aeabi_memcpy8                
00000411  memcpy                         
000004ad  __aeabi_memclr                 
000004ad  __aeabi_memclr4                
000004ad  __aeabi_memclr8                
000004af  __aeabi_memset                 
000004af  __aeabi_memset4                
000004af  __aeabi_memset8                
000004b5  memset                         
00000527  __mpu_init                     
00000529  __TI_auto_init                 
00000599  __TI_decompress_lzss           
00000601  _c_int00                       
00000655  C$$EXIT                        
00000659  abort                          
00000661  exit                           
000006a9  copy_in                        
000006f5  main                           
00000715  _args_main                     
0000072d  _register_unlock               
00000733  _register_lock                 
0000073b  _nop                           
00000741  __TI_decompress_none           
0000074f  Reset_Handler                  
0000075b  ADC14_IRQHandler               
0000075b  AES256_IRQHandler              
0000075b  BusFault_Handler               
0000075b  COMP_E0_IRQHandler             
0000075b  COMP_E1_IRQHandler             
0000075b  CS_IRQHandler                  
0000075b  DMA_ERR_IRQHandler             
0000075b  DMA_INT0_IRQHandler            
0000075b  DMA_INT1_IRQHandler            
0000075b  DMA_INT2_IRQHandler            
0000075b  DMA_INT3_IRQHandler            
0000075b  DebugMon_Handler               
0000075b  Default_Handler                
0000075b  EUSCIA0_IRQHandler             
0000075b  EUSCIA1_IRQHandler             
0000075b  EUSCIA2_IRQHandler             
0000075b  EUSCIA3_IRQHandler             
0000075b  EUSCIB0_IRQHandler             
0000075b  EUSCIB1_IRQHandler             
0000075b  EUSCIB2_IRQHandler             
0000075b  EUSCIB3_IRQHandler             
0000075b  FLCTL_IRQHandler               
0000075b  FPU_IRQHandler                 
0000075b  HardFault_Handler              
0000075b  MemManage_Handler              
0000075b  NMI_Handler                    
0000075b  PCM_IRQHandler                 
0000075b  PORT1_IRQHandler               
0000075b  PORT2_IRQHandler               
0000075b  PORT3_IRQHandler               
0000075b  PORT4_IRQHandler               
0000075b  PORT5_IRQHandler               
0000075b  PORT6_IRQHandler               
0000075b  PSS_IRQHandler                 
0000075b  PendSV_Handler                 
0000075b  RTC_C_IRQHandler               
0000075b  SVC_Handler                    
0000075b  SysTick_Handler                
0000075b  T32_INT1_IRQHandler            
0000075b  T32_INT2_IRQHandler            
0000075b  T32_INTC_IRQHandler            
0000075b  TA0_0_IRQHandler               
0000075b  TA0_N_IRQHandler               
0000075b  TA1_0_IRQHandler               
0000075b  TA1_N_IRQHandler               
0000075b  TA2_0_IRQHandler               
0000075b  TA2_N_IRQHandler               
0000075b  TA3_0_IRQHandler               
0000075b  TA3_N_IRQHandler               
0000075b  UsageFault_Handler             
0000075b  WDT_A_IRQHandler               
0000075d  __TI_zero_init                 
00000769  _system_pre_init               
0000076d  _system_post_cinit             
000007b0  __TI_cleanup_ptr               
000007b4  __TI_dtors_ptr                 
000007b8  __TI_enable_exit_profile_output
000007bc  _lock                          
000007c0  _unlock                        
000007cc  main_func_sp                   
000007d0  SystemCoreClock                
000007d4  __stack                        
000009d4  __STACK_END                    
000009d4  interruptVectors               
00000ab8  __TI_static_base__             
00000ad0  __TI_Handler_Table_Base        
00000adc  __TI_Handler_Table_Limit       
00000ae8  __TI_CINIT_Base                
00000af8  __TI_CINIT_Limit               
ffffffff  __TI_pprof_out_hndl            
ffffffff  __TI_prof_data_size            
ffffffff  __TI_prof_data_start           
ffffffff  __binit__                      
ffffffff  __c_args__                     
ffffffff  binit                          
UNDEFED   SHT$$INIT_ARRAY$$Base          
UNDEFED   SHT$$INIT_ARRAY$$Limit         

[110 symbols]
